interactions:
- request:
    body: null
    headers:
      Accept:
      - application/json
      Accept-Encoding:
      - gzip, deflate
      Connection:
      - keep-alive
      User-Agent:
      - Mozilla/5.0 (X11; Linux x86_64) AppleWebKit/537.36 (KHTML, like Gecko) Chrome/56.0.2924.87
        Safari/537.36
      X-MBX-APIKEY:
      - test_key
    method: GET
    uri: https://api.binance.com/api/v3/ping
  response:
    body:
      string: '{}'
    headers:
      Access-Control-Allow-Methods:
      - GET, HEAD, OPTIONS
      Access-Control-Allow-Origin:
      - '*'
      Cache-Control:
      - no-cache, no-store, must-revalidate
      Connection:
      - keep-alive
      Content-Length:
      - '2'
      Content-Security-Policy:
      - default-src 'self'
      Content-Type:
      - application/json;charset=UTF-8
      Date:
      - Tue, 04 Oct 2022 14:12:11 GMT
      Expires:
      - '0'
      Pragma:
      - no-cache
      Server:
      - nginx
      Strict-Transport-Security:
      - max-age=31536000; includeSubdomains
      Via:
      - 1.1 590ad044183138a492a9344ba0b0a7ac.cloudfront.net (CloudFront)
      X-Amz-Cf-Id:
      - SQrvV5aih38a1Tp4mw-itGBCnXBosr3QhtUNsimJdrGsQ2JwJldSQw==
      X-Amz-Cf-Pop:
      - LIS50-C1
      X-Cache:
      - Miss from cloudfront
      X-Content-Security-Policy:
      - default-src 'self'
      X-Content-Type-Options:
      - nosniff
      X-Frame-Options:
      - SAMEORIGIN
      X-WebKit-CSP:
      - default-src 'self'
      X-Xss-Protection:
      - 1; mode=block
      x-mbx-used-weight:
      - '2'
      x-mbx-used-weight-1m:
      - '2'
      x-mbx-uuid:
      - 0785405a-361e-4002-886b-66ec81c14013
    status:
      code: 200
      message: OK
- request:
    body: null
    headers:
      Accept:
      - application/json
      Accept-Encoding:
      - gzip, deflate
      Connection:
      - keep-alive
      User-Agent:
      - Mozilla/5.0 (X11; Linux x86_64) AppleWebKit/537.36 (KHTML, like Gecko) Chrome/56.0.2924.87
        Safari/537.36
      X-MBX-APIKEY:
      - test_key
    method: GET
    uri: https://api.binance.com/sapi/v1/account/apiRestrictions?timestamp=1664892728598&signature=887e290954eee47e9749f93076164023ba4bdd8f2000c2788b882f9f261ade60
  response:
    body:
      string: '{"code":-2008,"msg":"Invalid Api-Key ID."}'
    headers:
      Cache-Control:
      - no-cache, no-store, must-revalidate
      Connection:
      - keep-alive
      Content-Length:
      - '42'
      Content-Security-Policy:
      - default-src 'self'
      Content-Type:
      - application/json;charset=UTF-8
      Date:
      - Tue, 04 Oct 2022 14:12:11 GMT
      Expires:
      - '0'
      Pragma:
      - no-cache
      Server:
      - nginx
      Strict-Transport-Security:
      - max-age=31536000; includeSubdomains
      Via:
      - 1.1 590ad044183138a492a9344ba0b0a7ac.cloudfront.net (CloudFront)
      X-Amz-Cf-Id:
      - 0AM6Rc4yMFaN-mgbgSYAEBZPNoIvrn-Dm4k8n-URbno389i-av16Vw==
      X-Amz-Cf-Pop:
      - LIS50-C1
      X-Cache:
      - Error from cloudfront
      X-Content-Security-Policy:
      - default-src 'self'
      X-Content-Type-Options:
      - nosniff
      X-Frame-Options:
      - SAMEORIGIN
      X-WebKit-CSP:
      - default-src 'self'
      X-Xss-Protection:
      - 1; mode=block
    status:
      code: 400
      message: ''
- request:
    body: null
    headers:
      Accept:
      - application/json
      Accept-Encoding:
      - gzip, deflate
      Connection:
      - keep-alive
      User-Agent:
      - Mozilla/5.0 (X11; Linux x86_64) AppleWebKit/537.36 (KHTML, like Gecko) Chrome/56.0.2924.87
        Safari/537.36
      X-MBX-APIKEY:
      - test_key
    method: GET
    uri: https://api.binance.com/sapi/v1/account/apiRestrictions?timestamp=1675966581675&signature=67957f6416a1096af10900cc26edc2daad0e2290500c98afb8fcf251d1ab1065
  response:
    body:
      string: "{\n  \"code\": 0,\n  \"msg\": \"Service unavailable from a restricted
        location according to 'b. Eligibility' in https://www.binance.com/en/terms.
        Please contact customer service if you believe you received this message in
        error.\"\n}"
    headers:
      Connection:
      - keep-alive
      Content-Length:
      - '224'
      Content-Type:
      - application/json
      Date:
      - Thu, 09 Feb 2023 18:16:22 GMT
      Server:
      - CloudFront
      Via:
      - 1.1 c99ac05a593abfb051d4866fe2e43d16.cloudfront.net (CloudFront)
      X-Amz-Cf-Id:
      - 1Nrme_Z-x1Gk1cnlCrjIWJgzILSPfkgeIJ0FBXD4BxzVU05pxoXiBg==
      X-Amz-Cf-Pop:
      - MSP50-P2
      X-Cache:
      - Error from cloudfront
    status:
      code: 451
      message: ''
- request:
    body: null
    headers:
      Accept:
      - application/json
      Accept-Encoding:
      - gzip, deflate
      Connection:
      - keep-alive
      User-Agent:
      - Mozilla/5.0 (X11; Linux x86_64) AppleWebKit/537.36 (KHTML, like Gecko) Chrome/56.0.2924.87
        Safari/537.36
      X-MBX-APIKEY:
      - test_key
    method: GET
    uri: https://api.binance.com/sapi/v1/account/apiRestrictions?timestamp=1675971826102&signature=3e65a81b25d929457c51900d67fc002efe3272cf3e8d1f11779c6b3b11f6cd27
  response:
    body:
      string: "{\n  \"code\": 0,\n  \"msg\": \"Service unavailable from a restricted
        location according to 'b. Eligibility' in https://www.binance.com/en/terms.
        Please contact customer service if you believe you received this message in
        error.\"\n}"
    headers:
      Connection:
      - keep-alive
      Content-Length:
      - '224'
      Content-Type:
      - application/json
      Date:
      - Thu, 09 Feb 2023 19:43:46 GMT
      Server:
      - CloudFront
      Via:
      - 1.1 2c0f41ef7d1cff535f97f88aa4a67b4e.cloudfront.net (CloudFront)
      X-Amz-Cf-Id:
      - mXXkyCQgqEX9DqOyFFPBesNuEznPz_-8DvAajnPen_9f-8WhSw0c8Q==
      X-Amz-Cf-Pop:
      - DFW56-P2
      X-Cache:
      - Error from cloudfront
    status:
      code: 451
      message: ''
- request:
    body: null
    headers:
      Accept:
      - application/json
      Accept-Encoding:
      - gzip, deflate
      Connection:
      - keep-alive
      User-Agent:
      - Mozilla/5.0 (X11; Linux x86_64) AppleWebKit/537.36 (KHTML, like Gecko) Chrome/56.0.2924.87
        Safari/537.36
      X-MBX-APIKEY:
      - test_key
    method: GET
    uri: https://api.binance.com/sapi/v1/account/apiRestrictions?timestamp=1675975606820&signature=846883d9d72c5c781c2ddd03581f043df2636707042c4e2b72c4b59d79a5f236
  response:
    body:
      string: "{\n  \"code\": 0,\n  \"msg\": \"Service unavailable from a restricted
        location according to 'b. Eligibility' in https://www.binance.com/en/terms.
        Please contact customer service if you believe you received this message in
        error.\"\n}"
    headers:
      Connection:
      - keep-alive
      Content-Length:
      - '224'
      Content-Type:
      - application/json
      Date:
      - Thu, 09 Feb 2023 20:46:47 GMT
      Server:
      - CloudFront
      Via:
      - 1.1 9c0f6c031cf4ffc52f89552ee0df160c.cloudfront.net (CloudFront)
      X-Amz-Cf-Id:
      - 54NveA6jPN29HEhzy2M_FQ5pMCeav1k2Akdk-zccpPumP1ro2kM_9g==
      X-Amz-Cf-Pop:
      - ORD51-C4
      X-Cache:
      - Error from cloudfront
    status:
      code: 451
      message: ''
- request:
    body: null
    headers:
      Accept:
      - application/json
      Accept-Encoding:
      - gzip, deflate
      Connection:
      - keep-alive
      User-Agent:
      - Mozilla/5.0 (X11; Linux x86_64) AppleWebKit/537.36 (KHTML, like Gecko) Chrome/56.0.2924.87
        Safari/537.36
      X-MBX-APIKEY:
      - test_key
    method: GET
    uri: https://api.binance.com/sapi/v1/account/apiRestrictions?timestamp=1675977999851&signature=5c09984e8f4d4b39e0a0f57bef0a95dbe4138cd78b897d0ec765ef7f7f9c8209
  response:
    body:
      string: "{\n  \"code\": 0,\n  \"msg\": \"Service unavailable from a restricted
        location according to 'b. Eligibility' in https://www.binance.com/en/terms.
        Please contact customer service if you believe you received this message in
        error.\"\n}"
    headers:
      Connection:
      - keep-alive
      Content-Length:
      - '224'
      Content-Type:
      - application/json
      Date:
      - Thu, 09 Feb 2023 21:26:40 GMT
      Server:
      - CloudFront
      Via:
      - 1.1 7e76768b05dfe57fe01b581353a15186.cloudfront.net (CloudFront)
      X-Amz-Cf-Id:
      - TWq8lGLJCxqKGYA_1biKOiaL9p_-9AZFGjEvlanX00gda1kZgR5Z7w==
      X-Amz-Cf-Pop:
      - DFW56-P2
      X-Cache:
      - Error from cloudfront
    status:
      code: 451
      message: ''
- request:
    body: null
    headers:
      Accept:
      - application/json
      Accept-Encoding:
      - gzip, deflate
      Connection:
      - keep-alive
      User-Agent:
      - Mozilla/5.0 (X11; Linux x86_64) AppleWebKit/537.36 (KHTML, like Gecko) Chrome/56.0.2924.87
        Safari/537.36
      X-MBX-APIKEY:
      - test_key
    method: GET
    uri: https://api.binance.com/sapi/v1/account/apiRestrictions?timestamp=1675981699290&signature=d6ff38ce218ec9d92354232243d7229c7313744b884352a0775252d76d10c72c
  response:
    body:
      string: "{\n  \"code\": 0,\n  \"msg\": \"Service unavailable from a restricted
        location according to 'b. Eligibility' in https://www.binance.com/en/terms.
        Please contact customer service if you believe you received this message in
        error.\"\n}"
    headers:
      Connection:
      - keep-alive
      Content-Length:
      - '224'
      Content-Type:
      - application/json
      Date:
      - Thu, 09 Feb 2023 22:28:19 GMT
      Server:
      - CloudFront
      Via:
      - 1.1 7dc2c9b7558ee4f869e55e8914ea5998.cloudfront.net (CloudFront)
      X-Amz-Cf-Id:
      - DSZ5BgAtBju96i8OaxeDmH19hFrro4fClibceBinpK_buV-WktZubg==
      X-Amz-Cf-Pop:
      - DFW56-P2
      X-Cache:
      - Error from cloudfront
    status:
      code: 451
      message: ''
- request:
    body: null
    headers:
      Accept:
      - application/json
      Accept-Encoding:
      - gzip, deflate
      Connection:
      - keep-alive
      User-Agent:
      - Mozilla/5.0 (X11; Linux x86_64) AppleWebKit/537.36 (KHTML, like Gecko) Chrome/56.0.2924.87
        Safari/537.36
      X-MBX-APIKEY:
      - test_key
    method: GET
    uri: https://api.binance.com/sapi/v1/account/apiRestrictions?timestamp=1676053962518&signature=424a24891dcaa75eb2a8055bf46e8b9e94f6360a872606737dc2d3087fe54843
  response:
    body:
      string: "{\n  \"code\": 0,\n  \"msg\": \"Service unavailable from a restricted
        location according to 'b. Eligibility' in https://www.binance.com/en/terms.
        Please contact customer service if you believe you received this message in
        error.\"\n}"
    headers:
      Connection:
      - keep-alive
      Content-Length:
      - '224'
      Content-Type:
      - application/json
      Date:
      - Fri, 10 Feb 2023 18:32:43 GMT
      Server:
      - CloudFront
      Via:
      - 1.1 e243983257fcce5bd109f05e71ec2dc0.cloudfront.net (CloudFront)
      X-Amz-Cf-Id:
      - Hyrri3eWpl8hFBY1TEYCCNXzFb5xTyyqZNuVxLW19wFyYUwmD_fKrA==
      X-Amz-Cf-Pop:
      - DFW56-P2
      X-Cache:
      - Error from cloudfront
    status:
      code: 451
      message: ''
- request:
    body: null
    headers:
      Accept:
      - application/json
      Accept-Encoding:
      - gzip, deflate
      Connection:
      - keep-alive
      User-Agent:
      - Mozilla/5.0 (X11; Linux x86_64) AppleWebKit/537.36 (KHTML, like Gecko) Chrome/56.0.2924.87
        Safari/537.36
      X-MBX-APIKEY:
      - test_key
    method: GET
    uri: https://api.binance.com/sapi/v1/account/apiRestrictions?timestamp=1676072964971&signature=5911a2da71cd3315a8e851a3bf597fd9dcf9a94d2e2f73549fcb7a28e26d289b
  response:
    body:
      string: "{\n  \"code\": 0,\n  \"msg\": \"Service unavailable from a restricted
        location according to 'b. Eligibility' in https://www.binance.com/en/terms.
        Please contact customer service if you believe you received this message in
        error.\"\n}"
    headers:
      Connection:
      - keep-alive
      Content-Length:
      - '224'
      Content-Type:
      - application/json
      Date:
      - Fri, 10 Feb 2023 23:49:27 GMT
      Server:
      - CloudFront
      Via:
      - 1.1 f10aac07ec1e31d8b40ee8ef5feed6e6.cloudfront.net (CloudFront)
      X-Amz-Cf-Id:
      - Z8v4d6Df9lBlu845yqPQKhoTTtrt0vkB2bzAwWIQtQwaopDdQaGIyw==
      X-Amz-Cf-Pop:
      - DFW56-P2
      X-Cache:
      - Error from cloudfront
    status:
      code: 451
      message: ''
- request:
    body: null
    headers:
      Accept:
      - application/json
      Accept-Encoding:
      - gzip, deflate
      Connection:
      - keep-alive
      User-Agent:
      - Mozilla/5.0 (X11; Linux x86_64) AppleWebKit/537.36 (KHTML, like Gecko) Chrome/56.0.2924.87
        Safari/537.36
      X-MBX-APIKEY:
      - test_key
    method: GET
    uri: https://api.binance.com/sapi/v1/account/apiRestrictions?timestamp=1676229163736&signature=ad48cdad21b4afdc533de8ea21c4910b929ff962ba05617499af0a6937e08077
  response:
    body:
      string: "{\n  \"code\": 0,\n  \"msg\": \"Service unavailable from a restricted
        location according to 'b. Eligibility' in https://www.binance.com/en/terms.
        Please contact customer service if you believe you received this message in
        error.\"\n}"
    headers:
      Connection:
      - keep-alive
      Content-Length:
      - '224'
      Content-Type:
      - application/json
      Date:
      - Sun, 12 Feb 2023 19:12:44 GMT
      Server:
      - CloudFront
      Via:
      - 1.1 34808ccaf6c7c34102e915e023981ac4.cloudfront.net (CloudFront)
      X-Amz-Cf-Id:
      - rojJfZC09S5gSU17qnTsoeo79qcLisi_bX7AICLnPr2mdjcbNSnFWA==
      X-Amz-Cf-Pop:
      - DFW56-P2
      X-Cache:
      - Error from cloudfront
    status:
      code: 451
      message: ''
- request:
    body: null
    headers:
      Accept:
      - application/json
      Accept-Encoding:
      - gzip, deflate
      Connection:
      - keep-alive
      User-Agent:
      - Mozilla/5.0 (X11; Linux x86_64) AppleWebKit/537.36 (KHTML, like Gecko) Chrome/56.0.2924.87
        Safari/537.36
      X-MBX-APIKEY:
      - test_key
    method: GET
    uri: https://api.binance.com/sapi/v1/account/apiRestrictions?timestamp=1676230757843&signature=b383a22ffc0fd36a5c5caf396a373f2dc5bb6ec1056a206ba985a96cf51a353d
  response:
    body:
      string: "{\n  \"code\": 0,\n  \"msg\": \"Service unavailable from a restricted
        location according to 'b. Eligibility' in https://www.binance.com/en/terms.
        Please contact customer service if you believe you received this message in
        error.\"\n}"
    headers:
      Connection:
      - keep-alive
      Content-Length:
      - '224'
      Content-Type:
      - application/json
      Date:
      - Sun, 12 Feb 2023 19:39:18 GMT
      Server:
      - CloudFront
      Via:
      - 1.1 5a91d22afb829e71a40227a558dc412c.cloudfront.net (CloudFront)
      X-Amz-Cf-Id:
      - QxD71OUhFgz6DDQEXU213bqxiEcom0srdPxyCpqjPeQogOcXhhmiFw==
      X-Amz-Cf-Pop:
      - DFW56-P2
      X-Cache:
      - Error from cloudfront
    status:
      code: 451
      message: ''
version: 1
